[dtsnab.ru/index.html]
[backblue.gif]
[fade.gif]
[index.html]
[dtsnab.ru/d/72062/t/v26/images/styles.css]
[dtsnab.ru/d/72062/t/v26/images/favicon.ico]
[dtsnab.ru/shared/highslide/highslide.css]
[dtsnab.ru/shared/highslide/style1.css]
[dtsnab.ru/shared/highslide-4.1.13/highslide.min.css]
[dtsnab.ru/shared/highslide-4.1.13/highslide-full.packed.js]
[dtsnab.ru/shared/highslide-4.1.13/graphics/index.html]
[dtsnab.ru/shared/s3/css/calendar.css]
[dtsnab.ru/shared/flowplayer/flowplayer-3.2.9.min.js]
[dtsnab.ru/shared/s3/js/cookie.js]
[dtsnab.ru/shared/s3/js/lang/ru.js]
[dtsnab.ru/shared/s3/js/widgets8e0e.js]
[dtsnab.ru/shared/s3/js/calendar.packed.js]
[dtsnab.ru/shared/feedback/feedback.factory.js]
[dtsnab.ru/my/s3/feedback/report.html]
[dtsnab.ru/d/72062/t/v26/images/top_pic.jpg]
[dtsnab.ru/shared/s3/js/jquery-1.7.2.min.js]
[dtsnab.ru/d/72062/t/images/navigate.png]
[dtsnab.ru/o_kompanii.html]
[dtsnab.ru/asfaltirovanie_dorog.html]
[dtsnab.ru/blagoustroystvo_territorii.html]
[dtsnab.ru/fotogalereya.html]
[dtsnab.ru/kontakty_i_shema_proezda.html]
[dtsnab.ru/oformit_zakaz.html]
[dtsnab.ru/d/72062/t/v26/images/icon1.gif]
[dtsnab.ru/d/72062/t/v26/images/icon2.gif]
[dtsnab.ru/d/72062/t/v26/images/icon3.gif]
[dtsnab.ru/d/72062/t/v26/images/body_bot_bg.gif]
[dtsnab.ru/d/72062/t/v26/images/body_top_bg.gif]
[dtsnab.ru/razmetka_dorog.html]
[dtsnab.ru/asfalt.html]
[dtsnab.ru/arenda_dorozhno_stroitelnoy_tehniki.html]
[dtsnab.ru/nasha_tehnika.html]
[dtsnab.ru/stroitelstvo-dorog.html]
[dtsnab.ru/prays-list1.html]
[dtsnab.ru/stati1.html]
[dtsnab.ru/thumb/A6QGkzNEOSiM3RscdGznBw/580r450/72062/dtsnab__baner.gif]
[dtsnab.ru/d/72062/d/441951803_6.jpg]
[dtsnab.ru/d/72062/d/441952003_6.jpg]
[dtsnab.ru/d/72062/d/441952203_6.jpg]
[dtsnab.ru/d/72062/d/441974603_6.jpg]
[dtsnab.ru/d/72062/d/441974803_6.jpg]
[dtsnab.ru/d/72062/d/441977803_6.jpg]
[dtsnab.ru/d/72062/d/442037803_7.jpg]
[dtsnab.ru/d/72062/d/442038203_7.jpg]
[dtsnab.ru/d/72062/d/442038403_7.jpg]
[dtsnab.ru/dostavka.html]
[dtsnab.ru/d/72062/t/v26/images/bot_right.gif]
[dtsnab.ru/d/72062/t/v26/images/bot_pic.gif]
[dtsnab.ru/prays-list.html]
[dtsnab.ru/prays-list-blagoustroistvo-territorii.html]
[dtsnab.ru/torgovo-razvlekatelnyy-centr-gudzon.html]
[counter.megagroup.ru/loaderd41d.js]
[dtsnab.ru/d/72062/t/v26/images/spacer.gif]
[dtsnab.ru/index.html]
[dtsnab.ru/d/72062/t/v26/images/top_bg.jpg]
[dtsnab.ru/d/72062/t/v26/images/search.gif]
[dtsnab.ru/d/72062/t/v26/images/search_button.gif]
[dtsnab.ru/d/72062/t/v26/images/tmenu_left_o.gif]
[dtsnab.ru/d/72062/t/v26/images/tmenu_right_o.gif]
[dtsnab.ru/d/72062/t/v26/images/tmenu_bg_o.gif]
[dtsnab.ru/d/72062/t/v26/images/lmenu_top_n.gif]
[dtsnab.ru/d/72062/t/v26/images/lmenu_top_o.gif]
[dtsnab.ru/d/72062/t/v26/images/lmenu_bot_n.gif]
[dtsnab.ru/d/72062/t/v26/images/lmenu_bot_o.gif]
[dtsnab.ru/d/72062/t/v26/images/lmenu_icon_n.gif]
[dtsnab.ru/d/72062/t/v26/images/lmenu_icon_o.gif]
[dtsnab.ru/d/72062/t/v26/images/contact_title.gif]
[dtsnab.ru/d/72062/t/v26/images/news_title.gif]
[dtsnab.ru/d/72062/t/v26/images/news_bg.gif]
[dtsnab.ru/d/72062/t/v26/images/date_left.gif]
[dtsnab.ru/d/72062/t/v26/images/date_right.gif]
[dtsnab.ru/d/72062/t/v26/images/styles.css]
[dtsnab.ru/d/72062/t/v26/images/block_title.gif]
[dtsnab.ru/shared/highslide/graphics/fullexpand.gif]
[dtsnab.ru/shared/highslide/graphics/loader.white.gif]
[dtsnab.ru/shared/highslide/graphics/close.png]
[dtsnab.ru/shared/highslide/graphics/controlbar-white.gif]
[dtsnab.ru/shared/highslide/graphics/resize.gif]
[dtsnab.ru/shared/highslide/graphics/closeX.png]
[dtsnab.ru/shared/highslide/graphics/controlbar-black-border.gif]
[dtsnab.ru/shared/highslide/graphics/icon.gif]
[dtsnab.ru/shared/highslide/graphics/controlbar-white-small.gif]
[dtsnab.ru/shared/highslide/graphics/controlbar-text-buttons.png]
[dtsnab.ru/shared/highslide/graphics/scrollarrows.png]
[dtsnab.ru/shared/highslide/highslide.css]
[dtsnab.ru/shared/highslide/graphics/zoomin.cur]
[dtsnab.ru/shared/highslide/graphics/controlbar-mega1.gif]
[dtsnab.ru/shared/highslide/style1.css]
[dtsnab.ru/shared/highslide-4.1.13/graphics/fullexpand.gif]
[dtsnab.ru/shared/highslide-4.1.13/graphics/loader.white.gif]
[dtsnab.ru/shared/highslide-4.1.13/graphics/close.png]
[dtsnab.ru/shared/highslide-4.1.13/graphics/controlbar-white.gif]
[dtsnab.ru/shared/highslide-4.1.13/graphics/resize.gif]
[dtsnab.ru/shared/highslide-4.1.13/graphics/closeX.png]
[dtsnab.ru/shared/highslide-4.1.13/graphics/controlbar-black-border.gif]
[dtsnab.ru/shared/highslide-4.1.13/graphics/icon.gif]
[dtsnab.ru/shared/highslide-4.1.13/graphics/controlbar-white-small.gif]
[dtsnab.ru/shared/highslide-4.1.13/graphics/controlbar-text-buttons.png]
[dtsnab.ru/shared/highslide-4.1.13/graphics/scrollarrows.png]
[dtsnab.ru/shared/highslide-4.1.13/highslide.min.css]
[dtsnab.ru/shared/highslide-4.1.13/graphics/index.html]
[dtsnab.ru/shared/s3/css/calendar.css]
[dtsnab.ru/my/s3/feedback/report.html]
[dtsnab.ru/d/72062/t/v26/images/top_pic.html]
[dtsnab.ru/o_kompanii.html]
[dtsnab.ru/asfaltirovanie_ceny.html]
[dtsnab.ru/ukladka_asfalta.html]
[dtsnab.ru/remont_dorog.html]
[dtsnab.ru/yamochnyy_remont.html]
[dtsnab.ru/d/72062/d/441686403_6.jpg]
[dtsnab.ru/d/72062/d/441686203_6.jpg]
[dtsnab.ru/d/72062/d/441686603_6.jpg]
[dtsnab.ru/d/72062/d/441548403_6.jpg]
[dtsnab.ru/d/72062/d/441548603_6.jpg]
[dtsnab.ru/d/72062/d/441548203_6.jpg]
[dtsnab.ru/d/72062/d/441679403_6.jpg]
[dtsnab.ru/d/72062/d/441679603_6.jpg]
[dtsnab.ru/d/72062/d/441679803_6.jpg]
[dtsnab.ru/asfaltirovanie_dorog.html]
[dtsnab.ru/d/72062/d/441453003_6.jpg]
[dtsnab.ru/d/72062/d/441453203_6.jpg]
[dtsnab.ru/d/72062/d/441453403_6.jpg]
[dtsnab.ru/d/72062/d/441468203_6.jpg]
[dtsnab.ru/d/72062/d/441468003_6.jpg]
[dtsnab.ru/d/72062/d/441468403_6.jpg]
[dtsnab.ru/d/72062/d/441315203_6.jpg]
[dtsnab.ru/d/72062/d/441315403_6.jpg]
[dtsnab.ru/d/72062/d/441315603_6.jpg]
[dtsnab.ru/d/72062/d/441315803_6.jpg]
[dtsnab.ru/d/72062/d/441316003_6.jpg]
[dtsnab.ru/d/72062/d/441316203_6.jpg]
[dtsnab.ru/d/72062/d/441361803_6.jpg]
[dtsnab.ru/d/72062/d/441362003_6.jpg]
[dtsnab.ru/d/72062/d/441361603_6.jpg]
[dtsnab.ru/d/72062/d/441442003_6.jpg]
[dtsnab.ru/d/72062/d/441442203_6.jpg]
[dtsnab.ru/d/72062/d/441442403_6.jpg]
[dtsnab.ru/blagoustroystvo_territorii.html]
[dtsnab.ru/d/72062/d/dtsnab__2014.jpg]
[dtsnab.ru/ob_ekty-2012.html]
[dtsnab.ru/d/72062/d/445730603_7.jpg]
[dtsnab.ru/d/72062/d/445718203_7.jpg]
[dtsnab.ru/d/72062/d/445718003_7.jpg]
[dtsnab.ru/d/72062/d/445719803_7.jpg]
[dtsnab.ru/d/72062/d/445719603_7.jpg]
[dtsnab.ru/d/72062/d/445719403_7.jpg]
[dtsnab.ru/d/72062/d/445719203_7.jpg]
[dtsnab.ru/d/72062/d/445719003_7.jpg]
[dtsnab.ru/d/72062/d/445718803_7.jpg]
[dtsnab.ru/d/72062/d/445718603_7.jpg]
[dtsnab.ru/d/72062/d/445718403_7.jpg]
[dtsnab.ru/d/72062/d/445731003_7.jpg]
[dtsnab.ru/fotogalereya.html]
[dtsnab.ru/kontakty_i_shema_proezda.html]
[dtsnab.ru/shared/s3/swfupload/default.css]
[dtsnab.ru/shared/misc/calendar.gen.js]
[dtsnab.ru/oformit_zakaz.html]
[dtsnab.ru/d/72062/d/439079403_6.jpg]
[dtsnab.ru/d/72062/d/439083403_6.jpg]
[dtsnab.ru/d/72062/d/439083603_6.jpg]
[dtsnab.ru/shared/s3/swfupload/swfupload.upload.pack.js]
[dtsnab.ru/d/72062/d/439086203_6.jpg]
[dtsnab.ru/d/72062/d/439086403_6.jpg]
[dtsnab.ru/d/72062/d/439086603_6.jpg]
[dtsnab.ru/d/72062/d/440629203_6.jpg]
[dtsnab.ru/d/72062/d/440629403_6.jpg]
[dtsnab.ru/d/72062/d/440629603_6.jpg]
[dtsnab.ru/razmetka_dorog.html]
[dtsnab.ru/d/72062/d/439074203_6.jpg]
[dtsnab.ru/d/72062/d/439074003_6.jpg]
[dtsnab.ru/d/72062/d/439074403_6.jpg]
[dtsnab.ru/d/72062/d/441512403_6.jpg]
[dtsnab.ru/d/72062/d/441512603_6.jpg]
[dtsnab.ru/d/72062/d/441512803_6.jpg]
[dtsnab.ru/asfalt.html]
[dtsnab.ru/arenda_asfaltoukladchika.html]
[dtsnab.ru/arenda_frezy.html]
[dtsnab.ru/arenda_katka_dorozhnogo.html]
[dtsnab.ru/arenda_ekskavatora_pogruzchika.html]
[dtsnab.ru/arenda_samosvalov.html]
[dtsnab.ru/arenda_buldozera.html]
[dtsnab.ru/arenda_avtokrana.html]
[dtsnab.ru/arenda_avtogreydera.html]
[dtsnab.ru/arenda_dorozhno_stroitelnoy_tehniki.html]
[dtsnab.ru/arenda_trala.html]
[dtsnab.ru/asfaltoukladchiki.html]
[dtsnab.ru/dorozhnye_katki.html]
[dtsnab.ru/frezy_dorozhnye.html]
[dtsnab.ru/buldozery.html]
[dtsnab.ru/ekskavatory.html]
[dtsnab.ru/peregruzchiki_asfaltobetona.html]
[dtsnab.ru/samosvaly.html]
[dtsnab.ru/nasha_tehnika.html]
[dtsnab.ru/prochaya_tehnika.html]
[dtsnab.ru/d/72062/d/546455603_5.jpg]
[dtsnab.ru/d/72062/d/546456403_5.jpg]
[dtsnab.ru/d/72062/d/546397803_5.jpg]
[dtsnab.ru/d/72062/d/546399003_5.jpg]
[dtsnab.ru/d/72062/d/546455003_5.jpg]
[dtsnab.ru/d/72062/d/546456003_5.jpg]
[dtsnab.ru/stroitelstvo-dorog.html]
[dtsnab.ru/prays-list1.html]
[dtsnab.ru/asfaltirovka-dorog---etapy-i-vidy-s.html]
[dtsnab.ru/asfaltovaya-kroshka-dostoinstva-i-.html]
[dtsnab.ru/kachestvo-asfalta.html]
[dtsnab.ru/asfaltirovanie-primenenie-i-sposob.html]
[dtsnab.ru/ustroystvo-dorozhnyh-sloev.html]
[dtsnab.ru/provedenie-remontnyh-rabot-dorozhny.html]
[dtsnab.ru/stroitelstvo-avtomobilnyh-dorog-v-r.html]
[dtsnab.ru/soderzhanie-avtomobilnyh-dorog-zimo.html]
[dtsnab.ru/remont-i-soderzhanie-avtomobilnyh-d.html]
[dtsnab.ru/kachestvennaya-asfaltirovka-skladsk.html]
[dtsnab.ru/remont-dorozhnogo-polotna-ot-dort.html]
[dtsnab.ru/asfaltirovanie-parkovok-kompaniey-.html]
[dtsnab.ru/nadezhnoe-asfaltirovanie-ploschadok.html]
[dtsnab.ru/kak-vypolnyaetsya-yamochnyy-remont.html]
[dtsnab.ru/dorozhnaya-freza-wirtgen.html]
[dtsnab.ru/asfalt-s-dobavleniem-reziny.html]
[dtsnab.ru/asfaltovaya-kroshka-dlya-dachnyh-do.html]
[dtsnab.ru/vidy-asfalta.html]
[dtsnab.ru/vosstanovlenie-dorozhnogo-pokrytiya.html]
[dtsnab.ru/stati1.html]
[dtsnab.ru/dostavka.html]
[dtsnab.ru/prays-list.html]
[dtsnab.ru/prays-list-blagoustroistvo-territorii.html]
[dtsnab.ru/d/72062/d/1154064403_6.jpg]
[dtsnab.ru/d/72062/d/1154064203_6.jpg]
[dtsnab.ru/d/72062/d/1154064003_6.jpg]
[dtsnab.ru/d/72062/d/1154063803_6.jpg]
[dtsnab.ru/d/72062/d/1154063603_6.jpg]
[dtsnab.ru/d/72062/d/1154063403_6.jpg]
[dtsnab.ru/d/72062/d/1154063203_6.jpg]
[dtsnab.ru/d/72062/d/1154063003_6.jpg]
[dtsnab.ru/d/72062/d/1154062803_6.jpg]
[dtsnab.ru/d/72062/d/1154062603_6.jpg]
[dtsnab.ru/d/72062/d/1154062403_6.jpg]
[dtsnab.ru/d/72062/d/1154062203_6.jpg]
[dtsnab.ru/d/72062/d/1154062003_6.jpg]
[dtsnab.ru/d/72062/d/1154061803_6.jpg]
[dtsnab.ru/d/72062/d/1154058803_6.jpg]
[dtsnab.ru/d/72062/d/1154057603_6.jpg]
[dtsnab.ru/d/72062/d/1154057403_6.jpg]
[dtsnab.ru/d/72062/d/1154057203_6.jpg]
[dtsnab.ru/d/72062/d/1154057003_6.jpg]
[dtsnab.ru/d/72062/d/1154056803_6.jpg]
[dtsnab.ru/d/72062/d/1154056603_6.jpg]
[dtsnab.ru/d/72062/d/744872603_6.jpg]
[dtsnab.ru/d/72062/d/744859003_6.jpg]
[dtsnab.ru/d/72062/d/744858803_6.jpg]
[dtsnab.ru/d/72062/d/744858003_6.jpg]
[dtsnab.ru/d/72062/d/744857203_6.jpg]
[dtsnab.ru/torgovo-razvlekatelnyy-centr-gudzon.html]
[dtsnab.ru/asfaltirovanie_ceny.html]
[dtsnab.ru/d/72062/d/443932603_6.jpg]
[dtsnab.ru/d/72062/d/443933203_6.jpg]
[dtsnab.ru/d/72062/d/443933003_6.jpg]
[dtsnab.ru/d/72062/d/443932803_6.jpg]
[dtsnab.ru/d/72062/d/443948203_6.jpg]
[dtsnab.ru/d/72062/d/443948403_6.jpg]
[dtsnab.ru/d/72062/d/443948603_6.jpg]
[dtsnab.ru/ukladka_asfalta.html]
[dtsnab.ru/d/72062/d/444015203_6.jpg]
[dtsnab.ru/d/72062/d/444015403_6.jpg]
[dtsnab.ru/d/72062/d/444020403_6.jpg]
[dtsnab.ru/d/72062/d/443989003_6.jpg]
[dtsnab.ru/d/72062/d/443989203_6.jpg]
[dtsnab.ru/d/72062/d/443995803_6.jpg]
[dtsnab.ru/remont_dorog.html]
[dtsnab.ru/d/72062/d/444063203_6.jpg]
[dtsnab.ru/d/72062/d/444063403_6.jpg]
[dtsnab.ru/d/72062/d/444063603_6.jpg]
[dtsnab.ru/d/72062/d/444054003_6.jpg]
[dtsnab.ru/d/72062/d/444054203_6.jpg]
[dtsnab.ru/d/72062/d/444054403_6.jpg]
[dtsnab.ru/d/72062/d/444050403_6.jpg]
[dtsnab.ru/d/72062/d/444050803_6.jpg]
[dtsnab.ru/d/72062/d/444051003_6.jpg]
[dtsnab.ru/yamochnyy_remont.html]
[dtsnab.ru/galereya_rabot.jpg]
[dtsnab.ru/vnukovo-outlet-village.html]
[dtsnab.ru/d/72062/d/717443803_6.jpg]
[dtsnab.ru/elektroschit.html]
[dtsnab.ru/ob_ekty-2012.html]
[dtsnab.ru/shared/s3/swfupload/cancelbutton.gif]
[dtsnab.ru/shared/s3/swfupload/default.css]
[dtsnab.ru/d/72062/d/437522603_6.jpg]
[dtsnab.ru/arenda_asfaltoukladchika.html]
[dtsnab.ru/d/72062/d/437496403_6.jpg]
[dtsnab.ru/arenda_frezy.html]
[dtsnab.ru/d/72062/d/437436603_6.jpg]
[dtsnab.ru/arenda_katka_dorozhnogo.html]
[dtsnab.ru/d/72062/d/437666203_6.jpg]
[dtsnab.ru/arenda_ekskavatora_pogruzchika.html]
[dtsnab.ru/d/72062/d/436222403_6.jpg]
[dtsnab.ru/arenda_samosvalov.html]
[dtsnab.ru/d/72062/d/436168803_6.jpg]
[dtsnab.ru/arenda_buldozera.html]
[dtsnab.ru/d/72062/d/436203003_6.jpg]
[dtsnab.ru/arenda_avtokrana.html]
[dtsnab.ru/d/72062/d/436223403_6.jpg]
[dtsnab.ru/arenda_avtogreydera.html]
[dtsnab.ru/d/72062/d/437402403_6.jpg]
[dtsnab.ru/arenda_trala.html]
[dtsnab.ru/d/72062/d/438696603_6.jpg]
[dtsnab.ru/d/72062/d/438696803_6.jpg]
[dtsnab.ru/d/72062/d/438697003_6.jpg]
[dtsnab.ru/d/72062/d/438697403_6.jpg]
[dtsnab.ru/d/72062/d/438697203_6.jpg]
[dtsnab.ru/d/72062/d/438699403_6.jpg]
[dtsnab.ru/asfaltoukladchiki.html]
[dtsnab.ru/d/72062/d/438886003_6.jpg]
[dtsnab.ru/d/72062/d/438886403_6.jpg]
[dtsnab.ru/d/72062/d/438886203_6.jpg]
[dtsnab.ru/d/72062/d/438889603_6.jpg]
[dtsnab.ru/d/72062/d/438890003_6.jpg]
[dtsnab.ru/d/72062/d/438889803_6.jpg]
[dtsnab.ru/dorozhnye_katki.html]
[dtsnab.ru/d/72062/d/438892403_6.jpg]
[dtsnab.ru/d/72062/d/438892603_6.jpg]
[dtsnab.ru/d/72062/d/438892203_6.jpg]
[dtsnab.ru/d/72062/d/438895603_6.jpg]
[dtsnab.ru/d/72062/d/438895803_6.jpg]
[dtsnab.ru/d/72062/d/438896003_6.jpg]
[dtsnab.ru/frezy_dorozhnye.html]
[dtsnab.ru/d/72062/d/438902603_6.jpg]
[dtsnab.ru/d/72062/d/438902403_6.jpg]
[dtsnab.ru/d/72062/d/438902203_6.jpg]
[dtsnab.ru/d/72062/d/438903403_6.jpg]
[dtsnab.ru/d/72062/d/438903603_6.jpg]
[dtsnab.ru/d/72062/d/438903803_6.jpg]
[dtsnab.ru/buldozery.html]
[dtsnab.ru/d/72062/d/438906003_6.jpg]
[dtsnab.ru/d/72062/d/438906203_6.jpg]
[dtsnab.ru/d/72062/d/438906403_6.jpg]
[dtsnab.ru/d/72062/d/438907803_6.jpg]
[dtsnab.ru/d/72062/d/438908003_6.jpg]
[dtsnab.ru/d/72062/d/438908203_6.jpg]
[dtsnab.ru/ekskavatory.html]
[dtsnab.ru/d/72062/d/438909803_6.jpg]
[dtsnab.ru/d/72062/d/438910003_6.jpg]
[dtsnab.ru/d/72062/d/438909603_6.jpg]
[dtsnab.ru/peregruzchiki_asfaltobetona.html]
[dtsnab.ru/d/72062/d/438953203_6.jpg]
[dtsnab.ru/d/72062/d/438966003_6.jpg]
[dtsnab.ru/d/72062/d/438953403_6.jpg]
[dtsnab.ru/d/72062/d/439007003_6.jpg]
[dtsnab.ru/d/72062/d/439006803_6.jpg]
[dtsnab.ru/d/72062/d/439006603_6.jpg]
[dtsnab.ru/samosvaly.html]
[dtsnab.ru/d/72062/d/439009003_6.jpg]
[dtsnab.ru/d/72062/d/439009203_6.jpg]
[dtsnab.ru/d/72062/d/439009403_6.jpg]
[dtsnab.ru/d/72062/d/439009603_6.jpg]
[dtsnab.ru/d/72062/d/439010803_6.jpg]
[dtsnab.ru/d/72062/d/439011403_6.jpg]
[dtsnab.ru/prochaya_tehnika.html]
[dtsnab.ru/asfaltirovka-dorog---etapy-i-vidy-s.html]
[dtsnab.ru/asfaltovaya-kroshka-dostoinstva-i-.html]
[dtsnab.ru/kachestvo-asfalta.html]
[dtsnab.ru/asfaltirovanie-primenenie-i-sposob.html]
[dtsnab.ru/ustroystvo-dorozhnyh-sloev.html]
[dtsnab.ru/provedenie-remontnyh-rabot-dorozhny.html]
[dtsnab.ru/stroitelstvo-avtomobilnyh-dorog-v-r.html]
[dtsnab.ru/soderzhanie-avtomobilnyh-dorog-zimo.html]
[dtsnab.ru/remont-i-soderzhanie-avtomobilnyh-d.html]
[dtsnab.ru/kachestvennaya-asfaltirovka-skladsk.html]
[dtsnab.ru/remont-dorozhnogo-polotna-ot-dort.html]
[dtsnab.ru/asfaltirovanie-parkovok-kompaniey-.html]
[dtsnab.ru/nadezhnoe-asfaltirovanie-ploschadok.html]
[dtsnab.ru/d/72062/d/445452403_6.jpg]
[dtsnab.ru/d/72062/d/445452603_6.jpg]
[dtsnab.ru/d/72062/d/445452803_6.jpg]
[dtsnab.ru/d/72062/d/445458803_6.jpg]
[dtsnab.ru/d/72062/d/445459003_6.jpg]
[dtsnab.ru/d/72062/d/445459203_6.jpg]
[dtsnab.ru/kak-vypolnyaetsya-yamochnyy-remont.html]
[dtsnab.ru/d/72062/d/445441403_6.jpg]
[dtsnab.ru/d/72062/d/445441603_6.jpg]
[dtsnab.ru/d/72062/d/445441203_6.jpg]
[dtsnab.ru/d/72062/d/445443603_7.jpg]
[dtsnab.ru/d/72062/d/445443803_7.jpg]
[dtsnab.ru/dorozhnaya-freza-wirtgen.html]
[dtsnab.ru/d/72062/d/445383803_6.jpg]
[dtsnab.ru/d/72062/d/445384203_6.jpg]
[dtsnab.ru/d/72062/d/445384603_6.jpg]
[dtsnab.ru/d/72062/d/445403003_6.jpg]
[dtsnab.ru/d/72062/d/445403203_6.jpg]
[dtsnab.ru/d/72062/d/445403403_6.jpg]
[dtsnab.ru/asfalt-s-dobavleniem-reziny.html]
[dtsnab.ru/d/72062/d/445351603_6.jpg]
[dtsnab.ru/d/72062/d/445351803_6.jpg]
[dtsnab.ru/d/72062/d/445352003_6.jpg]
[dtsnab.ru/d/72062/d/445369003_6.jpg]
[dtsnab.ru/d/72062/d/445369203_6.jpg]
[dtsnab.ru/d/72062/d/445368803_6.jpg]
[dtsnab.ru/asfaltovaya-kroshka-dlya-dachnyh-do.html]
[dtsnab.ru/d/72062/d/444151003_5.jpg]
[dtsnab.ru/d/72062/d/444150603_5.jpg]
[dtsnab.ru/d/72062/d/444151603_5.jpg]
[dtsnab.ru/vidy-asfalta.html]
[dtsnab.ru/d/72062/d/444140603_6.jpg]
[dtsnab.ru/d/72062/d/444140803_6.jpg]
[dtsnab.ru/d/72062/d/444141003_6.jpg]
[dtsnab.ru/d/72062/d/444134203_6.jpg]
[dtsnab.ru/d/72062/d/444134403_6.jpg]
[dtsnab.ru/d/72062/d/444134603_6.jpg]
[dtsnab.ru/vosstanovlenie-dorozhnogo-pokrytiya.html]
[dtsnab.ru/ustroystvo-sherohovatyh-i-zaschitny]
[dtsnab.ru/d/72062/d/731455603_6.jpg]
[dtsnab.ru/d/72062/d/731457403_6.jpg]
[dtsnab.ru/d/72062/d/731456203_6.jpg]
[dtsnab.ru/d/72062/d/731457003_6.jpg]
[dtsnab.ru/d/72062/d/731456603_6.jpg]
[dtsnab.ru/d/72062/d/731459803_6.jpg]
[dtsnab.ru/d/72062/d/731459403_6.jpg]
[dtsnab.ru/d/72062/d/731458603_6.jpg]
[dtsnab.ru/d/72062/d/731458003_6.jpg]
[dtsnab.ru/d/72062/d/731457803_6.jpg]
[dtsnab.ru/d/72062/d/717444403_6.jpg]
[dtsnab.ru/d/72062/d/717444203_6.jpg]
[dtsnab.ru/vnukovo-outlet-village.html]
[dtsnab.ru/d/72062/d/744853803_6.jpg]
[dtsnab.ru/d/72062/d/744854403_6.jpg]
[dtsnab.ru/d/72062/d/744854603_6.jpg]
[dtsnab.ru/d/72062/d/744855003_6.jpg]
[dtsnab.ru/d/72062/d/744856403_6.jpg]
[dtsnab.ru/d/72062/d/744857003_6.jpg]
[dtsnab.ru/elektroschit.html]
